{"HostConfigHash":"d173aab","CardHash":"1febc8e","Error":null}