{"HostConfigHash":"5284388","CardHash":"df7c488","Error":null}