{"HostConfigHash":"57eace8","CardHash":"1e26e99","Error":null}