{"HostConfigHash":"5284388","CardHash":"1febc8e","Error":null}