{"HostConfigHash":"57eace8","CardHash":"1febc8e","Error":null}