{"HostConfigHash":"22c7da1","CardHash":"df7c488","Error":null}