{"HostConfigHash":"a0ac47c","CardHash":"1febc8e","Error":null}