{"HostConfigHash":"0164943","CardHash":"df7c488","Error":null}