{"HostConfigHash":"22c7da1","CardHash":"1e26e99","Error":null}