{"HostConfigHash":"52fe357","CardHash":"1febc8e","Error":null}