{"HostConfigHash":"57eace8","CardHash":"d3d9bec","Error":null}