{"HostConfigHash":"a0ac47c","CardHash":"df7c488","Error":null}