{"HostConfigHash":"22c7da1","CardHash":"d3d9bec","Error":null}