{"HostConfigHash":"0164943","CardHash":"1febc8e","Error":null}