{"HostConfigHash":"d173aab","CardHash":"d3d9bec","Error":null}