{"HostConfigHash":"52fe357","CardHash":"d3d9bec","Error":null}