{"HostConfigHash":"a0ac47c","CardHash":"1e26e99","Error":null}