{"HostConfigHash":"f7dd633","CardHash":"df7c488","Error":null}