{"HostConfigHash":"57eace8","CardHash":"df7c488","Error":null}