{"HostConfigHash":"0164943","CardHash":"d3d9bec","Error":null}