{"HostConfigHash":"52fe357","CardHash":"df7c488","Error":null}