{"HostConfigHash":"5284388","CardHash":"1e26e99","Error":null}