{"HostConfigHash":"f7dd633","CardHash":"1e26e99","Error":null}