{"HostConfigHash":"22c7da1","CardHash":"1febc8e","Error":null}