{"HostConfigHash":"d173aab","CardHash":"df7c488","Error":null}