{"HostConfigHash":"d173aab","CardHash":"1e26e99","Error":null}