{"HostConfigHash":"0164943","CardHash":"1e26e99","Error":null}