{"HostConfigHash":"f7dd633","CardHash":"1febc8e","Error":null}