{"HostConfigHash":"a0ac47c","CardHash":"d3d9bec","Error":null}