{"HostConfigHash":"5284388","CardHash":"d3d9bec","Error":null}