{"HostConfigHash":"52fe357","CardHash":"1e26e99","Error":null}