{"HostConfigHash":"f7dd633","CardHash":"d3d9bec","Error":null}